[0.005s] Invoking command in '/home/wh1te/ros2_ws/build/px4_ros_com': AMENT_PREFIX_PATH=/home/wh1te/ros2_ws/install/px4_msgs:${AMENT_PREFIX_PATH} CMAKE_PREFIX_PATH=/home/wh1te/ros2_ws/install/px4_msgs:/opt/ros/humble LD_LIBRARY_PATH=/home/wh1te/ros2_ws/install/px4_msgs/lib:${LD_LIBRARY_PATH} PYTHONPATH=/home/wh1te/ros2_ws/install/px4_msgs/local/lib/python3.10/dist-packages:${PYTHONPATH} /usr/bin/cmake /home/wh1te/ros2_ws/src/px4_ros_com -DCMAKE_INSTALL_PREFIX=/home/wh1te/ros2_ws/install/px4_ros_com
[0.042s] -- The C compiler identification is GNU 11.4.0
[0.079s] -- The CXX compiler identification is GNU 11.4.0
[0.084s] -- Detecting C compiler ABI info
[0.129s] -- Detecting C compiler ABI info - done
[0.136s] -- Check for working C compiler: /usr/bin/cc - skipped
[0.136s] -- Detecting C compile features
[0.136s] -- Detecting C compile features - done
[0.138s] -- Detecting CXX compiler ABI info
[0.192s] -- Detecting CXX compiler ABI info - done
[0.198s] -- Check for working CXX compiler: /usr/bin/c++ - skipped
[0.199s] -- Detecting CXX compile features
[0.199s] -- Detecting CXX compile features - done
[0.200s] -- Found ament_cmake: 1.3.12 (/opt/ros/humble/share/ament_cmake/cmake)
[0.308s] -- Found Python3: /usr/bin/python3 (found version "3.10.12") found components: Interpreter 
[0.367s] -- Found builtin_interfaces: 1.2.2 (/opt/ros/humble/share/builtin_interfaces/cmake)
[0.388s] -- Found rosidl_generator_c: 3.1.7 (/opt/ros/humble/share/rosidl_generator_c/cmake)
[0.391s] -- Found rosidl_adapter: 3.1.7 (/opt/ros/humble/share/rosidl_adapter/cmake)
[0.397s] -- Found rosidl_generator_cpp: 3.1.7 (/opt/ros/humble/share/rosidl_generator_cpp/cmake)
[0.406s] -- Using all available rosidl_typesupport_c: rosidl_typesupport_fastrtps_c;rosidl_typesupport_introspection_c
[0.417s] -- Using all available rosidl_typesupport_cpp: rosidl_typesupport_fastrtps_cpp;rosidl_typesupport_introspection_cpp
[0.432s] -- Found eigen3_cmake_module: 0.1.1 (/opt/ros/humble/share/eigen3_cmake_module/cmake)
[0.438s] -- Found Eigen3: TRUE (found version "3.4.0") 
[0.439s] -- Found geometry_msgs: 4.9.0 (/opt/ros/humble/share/geometry_msgs/cmake)
[0.468s] -- Found px4_msgs: 2.0.1 (/home/wh1te/ros2_ws/install/px4_msgs/share/px4_msgs/cmake)
[0.478s] -- Found rclcpp: 16.0.15 (/opt/ros/humble/share/rclcpp/cmake)
[0.514s] -- Found rmw_implementation_cmake: 6.1.2 (/opt/ros/humble/share/rmw_implementation_cmake/cmake)
[0.516s] -- Found rmw_fastrtps_cpp: 6.2.9 (/opt/ros/humble/share/rmw_fastrtps_cpp/cmake)
[0.577s] -- Found OpenSSL: /usr/lib/x86_64-linux-gnu/libcrypto.so (found version "3.0.2")  
[0.598s] -- Found FastRTPS: /opt/ros/humble/include  
[0.626s] -- Using RMW implementation 'rmw_fastrtps_cpp' as default
[0.632s] -- Looking for pthread.h
[0.680s] -- Looking for pthread.h - found
[0.681s] -- Performing Test CMAKE_HAVE_LIBC_PTHREAD
[0.729s] -- Performing Test CMAKE_HAVE_LIBC_PTHREAD - Success
[0.730s] -- Found Threads: TRUE  
[0.768s] -- Found sensor_msgs: 4.9.0 (/opt/ros/humble/share/sensor_msgs/cmake)
[0.791s] -- Found ament_lint_auto: 0.12.14 (/opt/ros/humble/share/ament_lint_auto/cmake)
[0.848s] -- Added test 'copyright' to check source files copyright and LICENSE
[0.851s] -- Added test 'cppcheck' to perform static code analysis on C / C++ code
[0.851s] -- Configured cppcheck include dirs: /home/wh1te/ros2_ws/src/px4_ros_com/include;$<BUILD_INTERFACE:/home/wh1te/ros2_ws/src/px4_ros_com/include/px4_ros_com>
[0.851s] -- Configured cppcheck exclude dirs and/or files: 
[0.854s] -- Added test 'cpplint' to check C / C++ code against the Google style
[0.854s] -- Configured cpplint exclude dirs and/or files: 
[0.855s] -- Added test 'flake8' to check Python code syntax and style conventions
[0.856s] -- Added test 'lint_cmake' to check CMake code style
[0.856s] -- Added test 'pep257' to check Python code against some of the docstring style conventions in PEP 257
[0.859s] -- Added test 'uncrustify' to check C / C++ code style
[0.859s] -- Configured uncrustify additional arguments: 
[0.860s] -- Added test 'xmllint' to check XML markup files
[0.862s] -- Configuring done
[0.884s] -- Generating done
[0.890s] -- Build files have been written to: /home/wh1te/ros2_ws/build/px4_ros_com
[0.896s] Invoked command in '/home/wh1te/ros2_ws/build/px4_ros_com' returned '0': AMENT_PREFIX_PATH=/home/wh1te/ros2_ws/install/px4_msgs:${AMENT_PREFIX_PATH} CMAKE_PREFIX_PATH=/home/wh1te/ros2_ws/install/px4_msgs:/opt/ros/humble LD_LIBRARY_PATH=/home/wh1te/ros2_ws/install/px4_msgs/lib:${LD_LIBRARY_PATH} PYTHONPATH=/home/wh1te/ros2_ws/install/px4_msgs/local/lib/python3.10/dist-packages:${PYTHONPATH} /usr/bin/cmake /home/wh1te/ros2_ws/src/px4_ros_com -DCMAKE_INSTALL_PREFIX=/home/wh1te/ros2_ws/install/px4_ros_com
[0.897s] Invoking command in '/home/wh1te/ros2_ws/build/px4_ros_com': AMENT_PREFIX_PATH=/home/wh1te/ros2_ws/install/px4_msgs:${AMENT_PREFIX_PATH} CMAKE_PREFIX_PATH=/home/wh1te/ros2_ws/install/px4_msgs:/opt/ros/humble LD_LIBRARY_PATH=/home/wh1te/ros2_ws/install/px4_msgs/lib:${LD_LIBRARY_PATH} PYTHONPATH=/home/wh1te/ros2_ws/install/px4_msgs/local/lib/python3.10/dist-packages:${PYTHONPATH} /usr/bin/cmake --build /home/wh1te/ros2_ws/build/px4_ros_com -- -j16 -l16
[0.931s] [ 50%] [32mBuilding CXX object CMakeFiles/sensor_combined_listener.dir/src/examples/listeners/sensor_combined_listener.cpp.o[0m
[0.931s] [ 50%] [32mBuilding CXX object CMakeFiles/debug_vect_advertiser.dir/src/examples/advertisers/debug_vect_advertiser.cpp.o[0m
[0.931s] [ 50%] [32mBuilding CXX object CMakeFiles/offboard_control.dir/src/examples/offboard/offboard_control.cpp.o[0m
[0.931s] [ 50%] [32mBuilding CXX object CMakeFiles/frame_transforms.dir/src/lib/frame_transforms.cpp.o[0m
[0.931s] [ 50%] [32mBuilding CXX object CMakeFiles/vehicle_gps_position_listener.dir/src/examples/listeners/vehicle_gps_position_listener.cpp.o[0m
[4.645s] [ 60%] [32m[1mLinking CXX executable debug_vect_advertiser[0m
[4.818s] [ 60%] Built target debug_vect_advertiser
[5.308s] [ 70%] [32m[1mLinking CXX executable offboard_control[0m
[5.495s] [ 70%] Built target offboard_control
[6.957s] [ 80%] [32m[1mLinking CXX shared library libframe_transforms.so[0m
[7.168s] [ 80%] Built target frame_transforms
[7.832s] [ 90%] [32m[1mLinking CXX executable sensor_combined_listener[0m
[7.911s] [100%] [32m[1mLinking CXX executable vehicle_gps_position_listener[0m
[8.107s] [100%] Built target sensor_combined_listener
[8.181s] [100%] Built target vehicle_gps_position_listener
[8.189s] Invoked command in '/home/wh1te/ros2_ws/build/px4_ros_com' returned '0': AMENT_PREFIX_PATH=/home/wh1te/ros2_ws/install/px4_msgs:${AMENT_PREFIX_PATH} CMAKE_PREFIX_PATH=/home/wh1te/ros2_ws/install/px4_msgs:/opt/ros/humble LD_LIBRARY_PATH=/home/wh1te/ros2_ws/install/px4_msgs/lib:${LD_LIBRARY_PATH} PYTHONPATH=/home/wh1te/ros2_ws/install/px4_msgs/local/lib/python3.10/dist-packages:${PYTHONPATH} /usr/bin/cmake --build /home/wh1te/ros2_ws/build/px4_ros_com -- -j16 -l16
[8.190s] Invoking command in '/home/wh1te/ros2_ws/build/px4_ros_com': AMENT_PREFIX_PATH=/home/wh1te/ros2_ws/install/px4_msgs:${AMENT_PREFIX_PATH} CMAKE_PREFIX_PATH=/home/wh1te/ros2_ws/install/px4_msgs:/opt/ros/humble LD_LIBRARY_PATH=/home/wh1te/ros2_ws/install/px4_msgs/lib:${LD_LIBRARY_PATH} PYTHONPATH=/home/wh1te/ros2_ws/install/px4_msgs/local/lib/python3.10/dist-packages:${PYTHONPATH} /usr/bin/cmake --install /home/wh1te/ros2_ws/build/px4_ros_com
[8.195s] -- Install configuration: ""
[8.195s] -- Installing: /home/wh1te/ros2_ws/install/px4_ros_com/lib/px4_ros_com/sensor_combined_listener
[8.197s] -- Set runtime path of "/home/wh1te/ros2_ws/install/px4_ros_com/lib/px4_ros_com/sensor_combined_listener" to ""
[8.197s] -- Installing: /home/wh1te/ros2_ws/install/px4_ros_com/lib/px4_ros_com/vehicle_gps_position_listener
[8.198s] -- Set runtime path of "/home/wh1te/ros2_ws/install/px4_ros_com/lib/px4_ros_com/vehicle_gps_position_listener" to ""
[8.199s] -- Installing: /home/wh1te/ros2_ws/install/px4_ros_com/lib/px4_ros_com/debug_vect_advertiser
[8.199s] -- Set runtime path of "/home/wh1te/ros2_ws/install/px4_ros_com/lib/px4_ros_com/debug_vect_advertiser" to ""
[8.199s] -- Installing: /home/wh1te/ros2_ws/install/px4_ros_com/lib/px4_ros_com/offboard_control
[8.200s] -- Set runtime path of "/home/wh1te/ros2_ws/install/px4_ros_com/lib/px4_ros_com/offboard_control" to ""
[8.200s] -- Installing: /home/wh1te/ros2_ws/install/px4_ros_com/share/px4_ros_com/environment/library_path.sh
[8.200s] -- Installing: /home/wh1te/ros2_ws/install/px4_ros_com/share/px4_ros_com/environment/library_path.dsv
[8.200s] -- Installing: /home/wh1te/ros2_ws/install/px4_ros_com/include/px4_ros_com
[8.200s] -- Installing: /home/wh1te/ros2_ws/install/px4_ros_com/include/px4_ros_com/frame_transforms.h
[8.201s] -- Installing: /home/wh1te/ros2_ws/install/px4_ros_com/lib/libframe_transforms.so
[8.203s] -- Set runtime path of "/home/wh1te/ros2_ws/install/px4_ros_com/lib/libframe_transforms.so" to ""
[8.203s] -- Installing: /home/wh1te/ros2_ws/install/px4_ros_com/share/px4_ros_com//launch
[8.203s] -- Installing: /home/wh1te/ros2_ws/install/px4_ros_com/share/px4_ros_com//launch/offboard_control_launch.yaml
[8.203s] -- Installing: /home/wh1te/ros2_ws/install/px4_ros_com/share/px4_ros_com//launch/sensor_combined_listener.launch.py
[8.203s] -- Installing: /home/wh1te/ros2_ws/install/px4_ros_com/share/px4_ros_com//test
[8.203s] -- Installing: /home/wh1te/ros2_ws/install/px4_ros_com/share/px4_ros_com//test/test_output.py
[8.203s] -- Installing: /home/wh1te/ros2_ws/install/px4_ros_com/share/px4_ros_com//test/pipeline_io_test.py
[8.203s] -- Installing: /home/wh1te/ros2_ws/install/px4_ros_com/share/px4_ros_com//test/test_input.py
[8.203s] -- Installing: /home/wh1te/ros2_ws/install/px4_ros_com/share/px4_ros_com//test/__init__.py
[8.203s] -- Installing: /home/wh1te/ros2_ws/install/px4_ros_com/share/ament_index/resource_index/package_run_dependencies/px4_ros_com
[8.203s] -- Installing: /home/wh1te/ros2_ws/install/px4_ros_com/share/ament_index/resource_index/parent_prefix_path/px4_ros_com
[8.203s] -- Installing: /home/wh1te/ros2_ws/install/px4_ros_com/share/px4_ros_com/environment/ament_prefix_path.sh
[8.204s] -- Installing: /home/wh1te/ros2_ws/install/px4_ros_com/share/px4_ros_com/environment/ament_prefix_path.dsv
[8.204s] -- Installing: /home/wh1te/ros2_ws/install/px4_ros_com/share/px4_ros_com/environment/path.sh
[8.204s] -- Installing: /home/wh1te/ros2_ws/install/px4_ros_com/share/px4_ros_com/environment/path.dsv
[8.204s] -- Installing: /home/wh1te/ros2_ws/install/px4_ros_com/share/px4_ros_com/local_setup.bash
[8.204s] -- Installing: /home/wh1te/ros2_ws/install/px4_ros_com/share/px4_ros_com/local_setup.sh
[8.204s] -- Installing: /home/wh1te/ros2_ws/install/px4_ros_com/share/px4_ros_com/local_setup.zsh
[8.204s] -- Installing: /home/wh1te/ros2_ws/install/px4_ros_com/share/px4_ros_com/local_setup.dsv
[8.204s] -- Installing: /home/wh1te/ros2_ws/install/px4_ros_com/share/px4_ros_com/package.dsv
[8.204s] -- Installing: /home/wh1te/ros2_ws/install/px4_ros_com/share/ament_index/resource_index/packages/px4_ros_com
[8.204s] -- Installing: /home/wh1te/ros2_ws/install/px4_ros_com/share/px4_ros_com/cmake/export_frame_transformsExport.cmake
[8.205s] -- Installing: /home/wh1te/ros2_ws/install/px4_ros_com/share/px4_ros_com/cmake/export_frame_transformsExport-noconfig.cmake
[8.205s] -- Installing: /home/wh1te/ros2_ws/install/px4_ros_com/share/px4_ros_com/cmake/ament_cmake_export_dependencies-extras.cmake
[8.205s] -- Installing: /home/wh1te/ros2_ws/install/px4_ros_com/share/px4_ros_com/cmake/ament_cmake_export_targets-extras.cmake
[8.205s] -- Installing: /home/wh1te/ros2_ws/install/px4_ros_com/share/px4_ros_com/cmake/ament_cmake_export_include_directories-extras.cmake
[8.205s] -- Installing: /home/wh1te/ros2_ws/install/px4_ros_com/share/px4_ros_com/cmake/ament_cmake_export_libraries-extras.cmake
[8.205s] -- Installing: /home/wh1te/ros2_ws/install/px4_ros_com/share/px4_ros_com/cmake/px4_ros_comConfig.cmake
[8.205s] -- Installing: /home/wh1te/ros2_ws/install/px4_ros_com/share/px4_ros_com/cmake/px4_ros_comConfig-version.cmake
[8.205s] -- Installing: /home/wh1te/ros2_ws/install/px4_ros_com/share/px4_ros_com/package.xml
[8.207s] Invoked command in '/home/wh1te/ros2_ws/build/px4_ros_com' returned '0': AMENT_PREFIX_PATH=/home/wh1te/ros2_ws/install/px4_msgs:${AMENT_PREFIX_PATH} CMAKE_PREFIX_PATH=/home/wh1te/ros2_ws/install/px4_msgs:/opt/ros/humble LD_LIBRARY_PATH=/home/wh1te/ros2_ws/install/px4_msgs/lib:${LD_LIBRARY_PATH} PYTHONPATH=/home/wh1te/ros2_ws/install/px4_msgs/local/lib/python3.10/dist-packages:${PYTHONPATH} /usr/bin/cmake --install /home/wh1te/ros2_ws/build/px4_ros_com
